Bienvenido al programa principal de Mercado FINGer. Por favor ingrese su comando:
1> El clientesABB ha sido creado de forma exitosa.
2> La altura del clientesABB es 0.
3> ClientesABB liberado con exito.
4> El clientesABB ha sido creado de forma exitosa.
5> Cliente creado de forma exitosa.
6> Se ha agregado el cliente al clientesABB de forma exitosa.
7> La altura del clientesABB es 1.
8> ClientesABB liberado con exito.
9> El clientesABB ha sido creado de forma exitosa.
10> Cliente creado de forma exitosa.
11> Se ha agregado el cliente al clientesABB de forma exitosa.
12> Cliente creado de forma exitosa.
13> Se ha agregado el cliente al clientesABB de forma exitosa.
14> La altura del clientesABB es 2.
15> Cliente creado de forma exitosa.
16> Se ha agregado el cliente al clientesABB de forma exitosa.
17> La altura del clientesABB es 3.
18> Cliente creado de forma exitosa.
19> Se ha agregado el cliente al clientesABB de forma exitosa.
20> La altura del clientesABB es 3.
21> Cliente creado de forma exitosa.
22> Se ha agregado el cliente al clientesABB de forma exitosa.
23> La altura del clientesABB es 3.
24> Cliente creado de forma exitosa.
25> Se ha agregado el cliente al clientesABB de forma exitosa.
26> La altura del clientesABB es 3.
27> ClientesABB liberado con exito.
28> Fin.
