Bienvenido al programa principal de Mercado FINGer. Por favor ingrese su comando:
1> El clientesABB ha sido creado de forma exitosa.
2> ClientesABB liberado con exito.
3> El clientesABB ha sido creado de forma exitosa.
4> Cliente creado de forma exitosa.
5> Se ha agregado el cliente al clientesABB de forma exitosa.
6> Cliente creado de forma exitosa.
7> Se ha agregado el cliente al clientesABB de forma exitosa.
8> Cliente creado de forma exitosa.
9> Se ha agregado el cliente al clientesABB de forma exitosa.
10> Cliente creado de forma exitosa.
11> Se ha agregado el cliente al clientesABB de forma exitosa.
12> Cliente creado de forma exitosa.
13> Se ha agregado el cliente al clientesABB de forma exitosa.
14> Cliente creado de forma exitosa.
15> Se ha agregado el cliente al clientesABB de forma exitosa.
16> Cliente creado de forma exitosa.
17> Se ha agregado el cliente al clientesABB de forma exitosa.
18> Cliente creado de forma exitosa.
19> Se ha agregado el cliente al clientesABB de forma exitosa.
20> Cliente creado de forma exitosa.
21> Se ha agregado el cliente al clientesABB de forma exitosa.
22> Cliente creado de forma exitosa.
23> Se ha agregado el cliente al clientesABB de forma exitosa.
24> Cliente creado de forma exitosa.
25> Se ha agregado el cliente al clientesABB de forma exitosa.
26> Cliente creado de forma exitosa.
27> Se ha agregado el cliente al clientesABB de forma exitosa.
28> La altura del clientesABB es 7.
29> El cliente con id 6 pertenece al clientesABB.
30> El cliente con id 31 pertenece al clientesABB.
31> El cliente con id 2 NO pertenece al clientesABB.
32> El cliente con id 18 NO pertenece al clientesABB.
33> El mayor id en el clientesABB es 40.
34> La edad promedio del clientesABB es 25.25.
35> El cliente con id 30 se removio del clientesABB.
36> El cliente con id 8 se removio del clientesABB.
37> El cliente con id 31 se removio del clientesABB.
38> El cliente con id 24 se removio del clientesABB.
39> La altura del clientesABB es 4.
40> El cliente con id 6 pertenece al clientesABB.
41> El cliente con id 31 NO pertenece al clientesABB.
42> El mayor id en el clientesABB es 40.
43> La edad promedio del clientesABB es 27.25.
44> ClientesABB liberado con exito.
45> Fin.
