Bienvenido al programa principal de Mercado FINGer. Por favor ingrese su comando:
1> Cliente creado de forma exitosa.
2> Cliente Valquiria Sanchez
Id: 31
Edad: 12
3> La edad del cliente es: 12
4> El id del cliente es: 31
5> Cliente liberado con exito.
6> Fin.
