Bienvenido al programa principal de Mercado FINGer. Por favor ingrese su comando:
1> Cliente creado de forma exitosa.
2> Cliente copiado. Datos de la copia:
Cliente Casimira Gomez
Id: 31
Edad: 29
3> Cliente liberado con exito.
4> Fin.
