Bienvenido al programa principal de Mercado FINGer. Por favor ingrese su comando:
1> La SucursalesLDE de clientes ha sido creado de forma exitosa.
2> SucursalesLDE de ClientesABB liberada
3> La SucursalesLDE de clientes ha sido creado de forma exitosa.
4> El clientesABB ha sido creado de forma exitosa.
5> Cliente creado de forma exitosa.
6> Se ha agregado el cliente al clientesABB de forma exitosa.
7> Se ha agregado el clientesABB a SucursalesLDE de forma exitosa.
8> SucursalesLDE de ClientesABB liberada
9> La SucursalesLDE de clientes ha sido creado de forma exitosa.
10> El clientesABB ha sido creado de forma exitosa.
11> Cliente creado de forma exitosa.
12> Se ha agregado el cliente al clientesABB de forma exitosa.
13> Se ha agregado el clientesABB a SucursalesLDE de forma exitosa.
14> El clientesABB ha sido creado de forma exitosa.
15> Cliente creado de forma exitosa.
16> Se ha agregado el cliente al clientesABB de forma exitosa.
17> Se ha agregado el clientesABB a SucursalesLDE de forma exitosa.
18> SucursalesLDE de ClientesABB liberada
19> Fin.
