Bienvenido al programa principal de Mercado FINGer. Por favor ingrese su comando:
1> El clientesABB ha sido creado de forma exitosa.
2> La cantidad de clientes en el clientesABB es 0.
3> La edad promedio del clientesABB es 0.00.
4> Cliente creado de forma exitosa.
5> Se ha agregado el cliente al clientesABB de forma exitosa.
6> La cantidad de clientes en el clientesABB es 1.
7> La edad promedio del clientesABB es 34.00.
8> Cliente creado de forma exitosa.
9> Se ha agregado el cliente al clientesABB de forma exitosa.
10> La cantidad de clientes en el clientesABB es 2.
11> La edad promedio del clientesABB es 28.00.
12> Cliente creado de forma exitosa.
13> Se ha agregado el cliente al clientesABB de forma exitosa.
14> La cantidad de clientes en el clientesABB es 3.
15> La edad promedio del clientesABB es 32.00.
16> Cliente creado de forma exitosa.
17> Se ha agregado el cliente al clientesABB de forma exitosa.
18> La cantidad de clientes en el clientesABB es 4.
19> La edad promedio del clientesABB es 28.00.
20> ClientesABB liberado con exito.
21> Fin.
