Bienvenido al programa principal de Mercado FINGer. Por favor ingrese su comando:
1> Cliente creado de forma exitosa.
2> Cliente Casimira Gonzalez
Id: 19
Edad: 27
3> Cliente liberado con exito.
4> Cliente creado de forma exitosa.
5> Cliente Esmeralda Rodriguez
Id: 31
Edad: 30
6> Cliente liberado con exito.
7> Fin.
