Bienvenido al programa principal de Mercado FINGer. Por favor ingrese su comando:
1> La altura del clientesABB es 17. Calculado correctamente en menos de 1s.
2> Se obtuvieron los clientes? 1 1 1 1 con ids respectivos 0 199999 66666 133333
Calculado correctamente en menos de 0.010s.
3> Fin.
