Bienvenido al programa principal de Mercado FINGer. Por favor ingrese su comando:
1> Fecha creada en forma exitosa.
2> Producto creado en forma exitosa.
3> ID: 7
4> Producto: 7
producto1
Precio: 15
Ingresado el: 1/1/2001
5> Producto liberado en forma exitosa.
6> Fecha creada en forma exitosa.
7> Producto creado en forma exitosa.
8> Producto: 3
producto2
Precio: 20
Ingresado el: 2/7/2003
9> ID: 3
10> Producto liberado en forma exitosa.
11> Fin.
