Bienvenido al programa principal de Mercado FINGer. Por favor ingrese su comando:
1> Fecha creada en forma exitosa.
2> Producto creado en forma exitosa.
3> Producto liberado en forma exitosa.
4> Fecha creada en forma exitosa.
5> Producto creado en forma exitosa.
6> Producto liberado en forma exitosa.
7> Fin.
